// Jest Snapshot v1, https://goo.gl/fbAQLP

exports[`<Main /> Should render the reading 1`] = `
.c0 {
  background-color: #06092b;
  color: #fff;
  width: 100%;
  height: 100%;
  padding: 3rem;
  text-align: center;
  display: -webkit-box;
  display: -webkit-flex;
  display: -ms-flexbox;
  display: flex;
  -webkit-flex-direction: column;
  -ms-flex-direction: column;
  flex-direction: column;
  -webkit-align-items: center;
  -webkit-box-align: center;
  -ms-flex-align: center;
  align-items: center;
  -webkit-box-pack: center;
  -webkit-justify-content: center;
  -ms-flex-pack: center;
  justify-content: center;
}

.c1 {
  font-size: 2.5rem;
  font-weight: 600;
}

.c2 {
  font-size: 2rem;
  font-weight: 400;
}

<main
  class="c0"
>
  <img
    alt="Imagem de um átomo e React Avançado escrito ao lado."
    class=""
    src=""
  />
  <h1
    class="c1"
  >
    React Avançado
  </h1>
  <h2
    class="c2"
  >
    Typescripty, ReactJS e Styled Components
  </h2>
  <img
    alt="Um desenvolvedor de frente a uma tela com código"
    class=""
    src=""
  />
</main>
`;
